// Jest Snapshot v1, https://goo.gl/fbAQLP

exports[`ReactionsView component Match Snapshot 1`] = `
<RCTSafeAreaView
  emulateUnlessSupported={true}
  style={
    Object {
      "alignItems": "center",
      "flex": 1,
      "justifyContent": "center",
    }
  }
>
  <Text>
    0
  </Text>
</RCTSafeAreaView>
`;
