// Jest Snapshot v1, https://goo.gl/fbAQLP

exports[`ReactionsView component Match Snapshot 1`] = `
<RCTSafeAreaView
  emulateUnlessSupported={true}
  style={
    Object {
      "flex": 1,
    }
  }
>
  <View
    onEnded={[Function]}
    onGestureEvent={[Function]}
  >
    <View
      collapsable={false}
      style={
        Object {
          "zIndex": 11,
        }
      }
    >
      <View
        style={
          Object {
            "position": "absolute",
          }
        }
      />
      <View
        accessible={true}
        collapsable={false}
        focusable={true}
        onClick={[Function]}
        onLayout={[Function]}
        onResponderGrant={[Function]}
        onResponderMove={[Function]}
        onResponderRelease={[Function]}
        onResponderTerminate={[Function]}
        onResponderTerminationRequest={[Function]}
        onStartShouldSetResponder={[Function]}
        style={
          Object {
            "opacity": 1,
          }
        }
      />
    </View>
  </View>
</RCTSafeAreaView>
`;
